#-----------------------------------------------------------
# Vivado v2025.2 (64-bit)
# SW Build 6299465 on Fri Nov 14 12:34:56 MST 2025
# IP Build 6300035 on Fri Nov 14 10:48:45 MST 2025
# SharedData Build 6298862 on Thu Nov 13 04:50:51 MST 2025
# Start of session at: Sat Jun 20 19:01:11 2026
# Process ID         : 38914
# Current directory  : /home/eslam-elshokafy/Desktop/AIDAChip_Workshop_01/ztachip/HW/examples/ZC702
# Command line       : vivado -mode batch -source /home/eslam-elshokafy/Desktop/AIDAChip_Workshop_01/ztachip/HW/examples/ZC702/run_pmu_bitstream.tcl -log /home/eslam-elshokafy/Desktop/AIDAChip_Workshop_01/ztachip/HW/examples/ZC702/pmu_build.log -journal /home/eslam-elshokafy/Desktop/AIDAChip_Workshop_01/ztachip/HW/examples/ZC702/pmu_build.jou -notrace
# Log file           : /home/eslam-elshokafy/Desktop/AIDAChip_Workshop_01/ztachip/HW/examples/ZC702/pmu_build.log
# Journal file       : /home/eslam-elshokafy/Desktop/AIDAChip_Workshop_01/ztachip/HW/examples/ZC702/pmu_build.jou
# Running On         : eslam-elshokafy-Dell-G15-5511
# Platform           : Ubuntu
# Operating System   : Ubuntu 24.04.4 LTS
# Processor Detail   : 11th Gen Intel(R) Core(TM) i5-11400H @ 2.70GHz
# CPU Frequency      : 800.000 MHz
# CPU Physical cores : 6
# CPU Logical cores  : 12
# Host memory        : 16485 MB
# Swap memory        : 4294 MB
# Total Virtual      : 20780 MB
# Available Virtual  : 11626 MB
#-----------------------------------------------------------
source /home/eslam-elshokafy/Desktop/AIDAChip_Workshop_01/ztachip/HW/examples/ZC702/run_pmu_bitstream.tcl -notrace
