#-----------------------------------------------------------
# Vivado v2025.2 (64-bit)
# SW Build 6299465 on Fri Nov 14 12:34:56 MST 2025
# IP Build 6300035 on Fri Nov 14 10:48:45 MST 2025
# SharedData Build 6298862 on Thu Nov 13 04:50:51 MST 2025
# Start of session at: Sun Jun 21 12:38:00 2026
# Process ID         : 10277
# Current directory  : /home/eslam-elshokafy/Desktop/AIDAChip_Workshop_01/ztachip/HW/examples/ZC702
# Command line       : vivado
# Log file           : /home/eslam-elshokafy/Desktop/AIDAChip_Workshop_01/ztachip/HW/examples/ZC702/vivado.log
# Journal file       : /home/eslam-elshokafy/Desktop/AIDAChip_Workshop_01/ztachip/HW/examples/ZC702/vivado.jou
# Running On         : eslam-elshokafy-Dell-G15-5511
# Platform           : Ubuntu
# Operating System   : Ubuntu 24.04.4 LTS
# Processor Detail   : 11th Gen Intel(R) Core(TM) i5-11400H @ 2.70GHz
# CPU Frequency      : 3060.354 MHz
# CPU Physical cores : 6
# CPU Logical cores  : 12
# Host memory        : 16485 MB
# Swap memory        : 4294 MB
# Total Virtual      : 20780 MB
# Available Virtual  : 18838 MB
#-----------------------------------------------------------
start_gui
source /home/eslam-elshokafy/Desktop/AIDAChip_Workshop_01/ztachip/HW/examples/ZC702/run_pmu_bitstream.tcl
update_compile_order -fileset sources_1
report_timing_summary -delay_type min_max -report_unconstrained -check_timing_verbose -max_paths 10 -input_pins -routable_nets -name timing_1
report_power -name {power_1}
